<html>
<body>
<pre>
<h1>礦ision Build Log</h1>
<h2>Tool Versions:</h2>
IDE-Version: μVision V5.25.0.0
Copyright (C) 2017 ARM Ltd and ARM Germany GmbH. All rights reserved.
License Information: 1 1, 1, LIC=FYKYW-QDRTA-ARTXW-QXEPZ-I0FQB-SUNEQ
 
Tool Versions:
Toolchain:       MDK-ARM Plus  Version: 5.25.0.0
Toolchain Path:  D:\Keil_5\ARM\ARMCC\Bin
C Compiler:      Armcc.exe V5.06 update 6 (build 750)
Assembler:       Armasm.exe V5.06 update 6 (build 750)
Linker/Locator:  ArmLink.exe V5.06 update 6 (build 750)
Library Manager: ArmAr.exe V5.06 update 6 (build 750)
Hex Converter:   FromElf.exe V5.06 update 6 (build 750)
CPU DLL:         SARMCM3.DLL V5.25.0.0
Dialog DLL:      DCM.DLL V1.17.0.0
Target DLL:      STLink\ST-LINKIII-KEIL_SWO.dll V3.0.1.0
Dialog DLL:      TCM.DLL V1.34.0.0
 
<h2>Project:</h2>
B:\stand stm\f407try1\MDK-ARM\f407try1.uvprojx
Project File Date:  12/01/2025

<h2>Output:</h2>
*** Using Compiler 'V5.06 update 6 (build 750)', folder: 'D:\Keil_5\ARM\ARMCC\Bin'
Rebuild target 'f407try1'
assembling startup_stm32f407xx.s...
compiling bsp_can.c...
compiling gpio.c...
compiling can.c...
compiling motor.c...
../Core/Inc/motor.h(5): warning:  #1295-D: Deprecated declaration motor_init - give arg types
  void motor_init();
../Core/Inc/motor.h(11): warning:  #1-D: last line of file ends without a newline
  #endif
..\Core\Src\motor.c(16): warning:  #223-D: function "map" declared implicitly
  set_speed[0]= map(g_sbus_channels[0],10);//左前轮
..\Core\Src\motor.c(28): warning:  #223-D: function "map" declared implicitly
  set_speed[0]=-map(g_sbus_channels[0],10);
..\Core\Src\motor.c(40): warning:  #223-D: function "map" declared implicitly
  set_speed[0]= -map(g_sbus_channels[0],10);//左前轮
..\Core\Src\motor.c(61): warning:  #223-D: function "map" declared implicitly
  set_speed[0]= map(g_sbus_channels[0],0);//左前轮
..\Core\Src\motor.c(66): warning:  #177-D: variable "B"  was declared but never referenced
  		int B= ch4 - 992;//正的
..\Core\Src\motor.c: 7 warnings, 0 errors
compiling stm32f4xx_it.c...
compiling dma.c...
compiling stm32f4xx_hal_msp.c...
compiling usart.c...
compiling CAN_receive.c...
compiling tim.c...
compiling pid.c...
compiling main.c...
../Core/Inc/motor.h(5): warning:  #1295-D: Deprecated declaration motor_init - give arg types
  void motor_init();
../Core/Inc/motor.h(11): warning:  #1-D: last line of file ends without a newline
  #endif
../Core/Src/main.c: 2 warnings, 0 errors
compiling stm32f4xx_hal_flash.c...
compiling stm32f4xx_hal_rcc_ex.c...
compiling stm32f4xx_hal_can.c...
compiling stm32f4xx_hal_rcc.c...
compiling stm32f4xx_hal_flash_ramfunc.c...
compiling stm32f4xx_hal_flash_ex.c...
compiling stm32f4xx_hal_gpio.c...
compiling stm32f4xx_hal_pwr.c...
compiling stm32f4xx_hal_exti.c...
compiling stm32f4xx_hal_cortex.c...
compiling stm32f4xx_hal_pwr_ex.c...
compiling stm32f4xx_hal.c...
compiling stm32f4xx_hal_dma.c...
compiling stm32f4xx_hal_dma_ex.c...
compiling system_stm32f4xx.c...
compiling stm32f4xx_hal_tim_ex.c...
compiling stm32f4xx_hal_uart.c...
compiling stm32f4xx_hal_tim.c...
linking...
Program Size: Code=11300 RO-data=468 RW-data=44 ZI-data=2604  
FromELF: creating hex file...
"f407try1\f407try1.axf" - 0 Error(s), 9 Warning(s).

<h2>Software Packages used:</h2>

Package Vendor: ARM
                http://www.keil.com/pack/ARM.CMSIS.5.2.0.pack
                ARM.CMSIS.5.2.0
                CMSIS (Cortex Microcontroller Software Interface Standard)
   * Component: CORE Version: 5.0.2

Package Vendor: Keil
                http://www.keil.com/pack/Keil.STM32F4xx_DFP.2.12.0.pack
                Keil.STM32F4xx_DFP.2.12.0
                STMicroelectronics STM32F4 Series Device Support, Drivers and Examples

<h2>Collection of Component include folders:</h2>
  .\RTE\_f407try1
  D:\Keil_5\ARM\PACK\ARM\CMSIS\5.2.0\CMSIS\Include
  D:\Keil_5\ARM\PACK\Keil\STM32F4xx_DFP\2.12.0\Drivers\CMSIS\Device\ST\STM32F4xx\Include

<h2>Collection of Component Files used:</h2>

   * Component: ARM::CMSIS:CORE:5.0.2
Build Time Elapsed:  00:00:08
</pre>
</body>
</html>
